---
source: tests/galaxy.rs
expression: frame.to_plain_text()
---
                        
                        
                        
               +·o      
     :·     @0OOO;·     
     +:+   #0@          
     ;;+@@@###0         
       +0O0#  O00       
              O;        
            ++::        
           ··;·
